cnf/lst/conf-validator.exclude.lst
cnf/lst/conf-validator.include.lst
src/docker
src/bash/scripts
lib/make/
lib/make/demand-var.func.mk
lib/make/set-default-shell.mk
src/python
src/python/conf-validator
src/python/conf-validator/Classes
src/python/conf-validator/Classes/EnvEnum.py
src/python/conf-validator/Classes/__pycache__
src/python/conf-validator/Classes/__pycache__/EnvEnum.cpython-310.pyc
src/python/conf-validator/EnvModels
src/python/conf-validator/EnvModels/__init__.py
src/python/conf-validator/EnvModels/__pycache__
src/python/conf-validator/EnvModels/__pycache__/__init__.cpython-310.pyc
src/python/conf-validator/EnvModels/__pycache__/dev.cpython-310.pyc
src/python/conf-validator/EnvModels/__pycache__/prd.cpython-310.pyc
src/python/conf-validator/EnvModels/__pycache__/stg.cpython-310.pyc
src/python/conf-validator/EnvModels/__pycache__/tst.cpython-310.pyc
src/python/conf-validator/EnvModels/all.py
src/python/conf-validator/EnvModels/dev.py
src/python/conf-validator/EnvModels/prd.py
src/python/conf-validator/EnvModels/stg.py
src/python/conf-validator/EnvModels/tst.py
src/python/conf-validator/README.md
src/python/conf-validator/conf_validator
src/python/conf-validator/conf_validator/__init__.py
src/python/conf-validator/conf_validator/__main__.py
src/python/conf-validator/conf_validator/__pycache__
src/python/conf-validator/conf_validator/__pycache__/__init__.cpython-310.pyc
src/python/conf-validator/conf_validator/__pycache__/conf_validator.cpython-310.pyc
src/python/conf-validator/conf_validator/conf_validator.py
src/python/conf-validator/poetry.lock
src/python/conf-validator/poetry.toml
src/python/conf-validator/pyproject.toml
lib/make/install-img.func.mk
lib/make/zip-me.func.mk
lib/make/make-help.func.mk
lib/make/check-git.func.mk
lib/make/set-env.func.mk
lib/make/new-issue.func.mk
lib/make/prune-docker-system.func.mk
lib/make/git.func.mk
src/bash/scripts/docker-init-conf-validator.sh
src/docker/conf-validator
src/docker/conf-validator/Dockerfile.x86_64
